[thepixelcurve.com/html/techmax/techmax/index-6.html]
[backblue.gif]
[fade.gif]
[index.html]
[thepixelcurve.com/html/techmax/techmax/assets/images/favicon.png]
[thepixelcurve.com/html/techmax/techmax/assets/css/plugins/all.min.css]
[thepixelcurve.com/html/techmax/techmax/assets/css/plugins/flaticon.css]
[thepixelcurve.com/html/techmax/techmax/assets/css/plugins/bootstrap.min.css]
[thepixelcurve.com/html/techmax/techmax/assets/css/plugins/swiper-bundle.min.css]
[thepixelcurve.com/html/techmax/techmax/assets/css/plugins/aos.css]
[thepixelcurve.com/html/techmax/techmax/assets/css/plugins/magnific-popup.css]
[thepixelcurve.com/html/techmax/techmax/assets/css/style.css]
[thepixelcurve.com/html/techmax/techmax/index.html]
[thepixelcurve.com/html/techmax/techmax/assets/images/logo-white.png]
[thepixelcurve.com/html/techmax/techmax/assets/images/logo.png]
[thepixelcurve.com/html/techmax/techmax/index-2.html]
[thepixelcurve.com/html/techmax/techmax/index-3.html]
[thepixelcurve.com/html/techmax/techmax/index-4.html]
[thepixelcurve.com/html/techmax/techmax/index-5.html]
[thepixelcurve.com/html/techmax/techmax/about.html]
[thepixelcurve.com/html/techmax/techmax/team.html]
[thepixelcurve.com/html/techmax/techmax/service.html]
[thepixelcurve.com/html/techmax/techmax/why-choose.html]
[thepixelcurve.com/html/techmax/techmax/testimonial.html]
[thepixelcurve.com/html/techmax/techmax/pricing.html]
[thepixelcurve.com/html/techmax/techmax/login-register.html]
[thepixelcurve.com/html/techmax/techmax/blog.html]
[thepixelcurve.com/html/techmax/techmax/blog-standard.html]
[thepixelcurve.com/html/techmax/techmax/blog-details.html]
[thepixelcurve.com/html/techmax/techmax/contact.html]
[thepixelcurve.com/html/techmax/techmax/assets/images/shop-cart-1.jpg]
[thepixelcurve.com/html/techmax/techmax/assets/images/shop-cart-2.jpg]
[thepixelcurve.com/html/techmax/techmax/assets/images/shop-cart-3.jpg]
[thepixelcurve.com/html/techmax/techmax/assets/images/bg/hero-6-bg.jpg]
[thepixelcurve.com/html/techmax/techmax/assets/images/hero-6.png]
[thepixelcurve.com/html/techmax/techmax/assets/images/bg/ser-2-bg.png]
[thepixelcurve.com/html/techmax/techmax/assets/images/service/service-8.png]
[thepixelcurve.com/html/techmax/techmax/assets/images/service/service-9.png]
[thepixelcurve.com/html/techmax/techmax/assets/images/service/service-10.png]
[thepixelcurve.com/html/techmax/techmax/assets/images/overview-img-1.png]
[thepixelcurve.com/html/techmax/techmax/assets/images/overview-shape-2.png]
[thepixelcurve.com/html/techmax/techmax/assets/images/overview-img-2.png]
[thepixelcurve.com/html/techmax/techmax/assets/images/bg/c-study-bg.jpg]
[thepixelcurve.com/html/techmax/techmax/assets/images/c-study-4.jpg]
[thepixelcurve.com/html/techmax/techmax/assets/images/c-study-5.jpg]
[thepixelcurve.com/html/techmax/techmax/assets/images/c-study-6.jpg]
[thepixelcurve.com/html/techmax/techmax/assets/images/quote-3.png]
[thepixelcurve.com/html/techmax/techmax/assets/images/author-3.jpg]
[thepixelcurve.com/html/techmax/techmax/assets/images/author-4.jpg]
[thepixelcurve.com/html/techmax/techmax/assets/images/brand/brand-1.png]
[thepixelcurve.com/html/techmax/techmax/assets/images/brand/brand-2.png]
[thepixelcurve.com/html/techmax/techmax/assets/images/brand/brand-3.png]
[thepixelcurve.com/html/techmax/techmax/assets/images/brand/brand-4.png]
[thepixelcurve.com/html/techmax/techmax/assets/images/brand/brand-5.png]
[thepixelcurve.com/html/techmax/techmax/assets/images/bg/cta-5.jpg]
[thepixelcurve.com/html/techmax/techmax/assets/images/bg/footer-bg.jpg]
[thepixelcurve.com/html/techmax/techmax/assets/js/vendor/jquery-1.12.4.min.js]
[thepixelcurve.com/html/techmax/techmax/assets/js/vendor/modernizr-3.11.2.min.js]
[thepixelcurve.com/html/techmax/techmax/assets/js/plugins/popper.min.js]
[thepixelcurve.com/html/techmax/techmax/assets/js/plugins/bootstrap.min.js]
[thepixelcurve.com/html/techmax/techmax/assets/js/plugins/swiper-bundle.min.js]
[thepixelcurve.com/html/techmax/techmax/assets/js/plugins/aos.js]
[thepixelcurve.com/html/techmax/techmax/assets/js/plugins/waypoints.min.js]
[thepixelcurve.com/html/techmax/techmax/assets/js/plugins/back-to-top.js]
[thepixelcurve.com/html/techmax/techmax/assets/js/plugins/jquery.counterup.min.js]
[thepixelcurve.com/html/techmax/techmax/assets/js/plugins/appear.min.js]
[thepixelcurve.com/html/techmax/techmax/assets/js/plugins/jquery.magnific-popup.min.js]
[thepixelcurve.com/html/techmax/techmax/index-6.html]
[thepixelcurve.com/html/techmax/techmax/assets/js/main.js]
[thepixelcurve.com/html/techmax/techmax/assets/fonts/fa-brands-400.eot]
[thepixelcurve.com/html/techmax/techmax/assets/fonts/fa-brands-400d41d.eot]
[thepixelcurve.com/html/techmax/techmax/assets/fonts/fa-brands-400.woff2]
[thepixelcurve.com/html/techmax/techmax/assets/fonts/fa-brands-400.woff]
[thepixelcurve.com/html/techmax/techmax/assets/fonts/fa-brands-400.ttf]
[thepixelcurve.com/html/techmax/techmax/assets/fonts/fa-regular-400.eot]
[thepixelcurve.com/html/techmax/techmax/assets/fonts/fa-brands-400.svg]
[thepixelcurve.com/html/techmax/techmax/assets/fonts/fa-regular-400d41d.eot]
[thepixelcurve.com/html/techmax/techmax/assets/fonts/fa-regular-400.woff2]
[thepixelcurve.com/html/techmax/techmax/assets/fonts/fa-regular-400.woff]
[thepixelcurve.com/html/techmax/techmax/assets/fonts/fa-regular-400.ttf]
[thepixelcurve.com/html/techmax/techmax/assets/fonts/fa-regular-400.svg]
[thepixelcurve.com/html/techmax/techmax/assets/fonts/fa-solid-900.eot]
[thepixelcurve.com/html/techmax/techmax/assets/fonts/fa-solid-900d41d.eot]
[thepixelcurve.com/html/techmax/techmax/assets/fonts/fa-solid-900.woff2]
[thepixelcurve.com/html/techmax/techmax/assets/fonts/fa-solid-900.woff]
[thepixelcurve.com/html/techmax/techmax/assets/fonts/fa-solid-900.ttf]
[thepixelcurve.com/html/techmax/techmax/assets/css/plugins/all.min.css]
[thepixelcurve.com/html/techmax/techmax/assets/fonts/fa-solid-900.svg]
[thepixelcurve.com/html/techmax/techmax/assets/fonts/flaticon8953.ttf]
[thepixelcurve.com/html/techmax/techmax/assets/fonts/flaticon8953.woff]
[thepixelcurve.com/html/techmax/techmax/assets/fonts/flaticon8953.woff2]
[thepixelcurve.com/html/techmax/techmax/assets/fonts/flaticon8953.eot]
[thepixelcurve.com/html/techmax/techmax/assets/css/plugins/flaticon.css]
[thepixelcurve.com/html/techmax/techmax/assets/css/plugins/bootstrap.min.css]
[thepixelcurve.com/html/techmax/techmax/assets/css/plugins/swiper-bundle.min.css]
[thepixelcurve.com/html/techmax/techmax/assets/css/plugins/aos.css]
[thepixelcurve.com/html/techmax/techmax/assets/css/plugins/magnific-popup.css]
[thepixelcurve.com/html/techmax/techmax/assets/fonts/flaticon8953.svg]
[thepixelcurve.com/html/techmax/techmax/assets/images/icons/select-arrow-down.png]
[thepixelcurve.com/html/techmax/techmax/assets/images/bg/skill-bg.jpg]
[thepixelcurve.com/html/techmax/techmax/assets/images/bg/skill-bg-2.jpg]
[thepixelcurve.com/html/techmax/techmax/assets/images/testimonial/quote.png]
[thepixelcurve.com/html/techmax/techmax/assets/css/style.css]
[thepixelcurve.com/html/techmax/techmax/assets/images/hero-1.jpg]
[thepixelcurve.com/html/techmax/techmax/assets/images/service/s-shape-2.png]
[thepixelcurve.com/html/techmax/techmax/assets/images/service/service-1.png]
[thepixelcurve.com/html/techmax/techmax/assets/images/service/service-2.png]
[thepixelcurve.com/html/techmax/techmax/assets/images/service/service-3.png]
[thepixelcurve.com/html/techmax/techmax/assets/images/service/service-4.png]
[thepixelcurve.com/html/techmax/techmax/assets/images/about-1.jpg]
[thepixelcurve.com/html/techmax/techmax/assets/images/about-2.jpg]
[thepixelcurve.com/html/techmax/techmax/assets/images/ab-shape.png]
[thepixelcurve.com/html/techmax/techmax/assets/images/sign.png]
[thepixelcurve.com/html/techmax/techmax/assets/images/author-1.jpg]
[thepixelcurve.com/html/techmax/techmax/assets/images/skill/skill-img-1.jpg]
[thepixelcurve.com/html/techmax/techmax/assets/images/skill/skill-img-2.jpg]
[thepixelcurve.com/html/techmax/techmax/assets/images/skill/skill-img-3.jpg]
[thepixelcurve.com/html/techmax/techmax/assets/images/skill/skill-img-4.jpg]
[thepixelcurve.com/html/techmax/techmax/assets/images/bg/counter-bg.jpg]
[thepixelcurve.com/html/techmax/techmax/assets/images/counter/counter-1.png]
[thepixelcurve.com/html/techmax/techmax/assets/images/counter/counter-2.png]
[thepixelcurve.com/html/techmax/techmax/assets/images/counter/counter-3.png]
[thepixelcurve.com/html/techmax/techmax/assets/images/counter/counter-4.png]
[thepixelcurve.com/html/techmax/techmax/assets/images/c-study-1.jpg]
[thepixelcurve.com/html/techmax/techmax/assets/images/c-study-2.jpg]
[thepixelcurve.com/html/techmax/techmax/assets/images/c-study-3.jpg]
[thepixelcurve.com/html/techmax/techmax/assets/images/bg/features-bg.jpg]
[thepixelcurve.com/html/techmax/techmax/assets/images/features-shape.png]
[thepixelcurve.com/html/techmax/techmax/assets/images/features-img.png]
[thepixelcurve.com/html/techmax/techmax/assets/images/features-1.png]
[thepixelcurve.com/html/techmax/techmax/assets/images/features-2.png]
[thepixelcurve.com/html/techmax/techmax/assets/images/features-3.png]
[thepixelcurve.com/html/techmax/techmax/assets/images/features-4.png]
[thepixelcurve.com/html/techmax/techmax/assets/images/team/team-1.jpg]
[thepixelcurve.com/html/techmax/techmax/assets/images/team/team-2.jpg]
[thepixelcurve.com/html/techmax/techmax/assets/images/team/team-3.jpg]
[thepixelcurve.com/html/techmax/techmax/assets/images/bg/testi-bg.jpg]
[thepixelcurve.com/html/techmax/techmax/assets/images/quote.png]
[thepixelcurve.com/html/techmax/techmax/assets/images/author-2.jpg]
[thepixelcurve.com/html/techmax/techmax/assets/images/blog/blog-1.jpg]
[thepixelcurve.com/html/techmax/techmax/assets/images/blog/blog-2.jpg]
[thepixelcurve.com/html/techmax/techmax/assets/images/blog/blog-3.jpg]
[thepixelcurve.com/html/techmax/techmax/assets/images/bg/cta-bg.jpg]
[thepixelcurve.com/html/techmax/techmax/index.html]
[thepixelcurve.com/html/techmax/techmax/assets/images/hero-2.jpg]
[thepixelcurve.com/html/techmax/techmax/assets/images/service/s-img-1.jpg]
[thepixelcurve.com/html/techmax/techmax/assets/images/service/s-img-2.jpg]
[thepixelcurve.com/html/techmax/techmax/assets/images/service/s-img-3.jpg]
[thepixelcurve.com/html/techmax/techmax/assets/images/bg/about-2-bg.jpg]
[thepixelcurve.com/html/techmax/techmax/assets/images/about-3.jpg]
[thepixelcurve.com/html/techmax/techmax/assets/images/about-2-shape.jpg]
[thepixelcurve.com/html/techmax/techmax/assets/images/video-img.jpg]
[thepixelcurve.com/html/techmax/techmax/assets/images/fer-1.png]
[thepixelcurve.com/html/techmax/techmax/assets/images/fear-4.png]
[thepixelcurve.com/html/techmax/techmax/assets/images/fear-2.png]
[thepixelcurve.com/html/techmax/techmax/assets/images/fear-5.png]
[thepixelcurve.com/html/techmax/techmax/assets/images/fear-3.png]
[thepixelcurve.com/html/techmax/techmax/assets/images/fear-6.png]
[thepixelcurve.com/html/techmax/techmax/assets/images/bg/pricing-bg.jpg]
[thepixelcurve.com/html/techmax/techmax/assets/images/testimonial/testi-2.jpg]
[thepixelcurve.com/html/techmax/techmax/assets/images/bg/cta-2-bg.jpg]
[thepixelcurve.com/html/techmax/techmax/assets/images/bg/footer-bg-2.jpg]
[thepixelcurve.com/html/techmax/techmax/index-2.html]
[thepixelcurve.com/html/techmax/techmax/assets/images/logo-orange.png]
[thepixelcurve.com/html/techmax/techmax/assets/images/logo-2.png]
[thepixelcurve.com/html/techmax/techmax/assets/images/hero-3.jpg]
[thepixelcurve.com/html/techmax/techmax/assets/images/about/about-4.jpg]
[thepixelcurve.com/html/techmax/techmax/assets/images/about/about-5.jpg]
[thepixelcurve.com/html/techmax/techmax/assets/images/about/about-6.jpg]
[thepixelcurve.com/html/techmax/techmax/assets/images/about/shape-2.png]
[thepixelcurve.com/html/techmax/techmax/assets/images/bg/ser-3-bg.jpg]
[thepixelcurve.com/html/techmax/techmax/assets/images/service/service-5.png]
[thepixelcurve.com/html/techmax/techmax/assets/images/service/service-6.png]
[thepixelcurve.com/html/techmax/techmax/assets/images/service/service-7.png]
[thepixelcurve.com/html/techmax/techmax/assets/images/bg/counter-2-bg.jpg]
[thepixelcurve.com/html/techmax/techmax/assets/images/counter/counter-5.png]
[thepixelcurve.com/html/techmax/techmax/assets/images/counter/counter-6.png]
[thepixelcurve.com/html/techmax/techmax/assets/images/counter/counter-7.png]
[thepixelcurve.com/html/techmax/techmax/assets/images/counter/counter-8.png]
[thepixelcurve.com/html/techmax/techmax/assets/images/service/s-img-4.jpg]
[thepixelcurve.com/html/techmax/techmax/assets/images/service/s-img-5.jpg]
[thepixelcurve.com/html/techmax/techmax/assets/images/testimonial/testimonial-3.jpg]
[thepixelcurve.com/html/techmax/techmax/assets/images/quote-2.png]
[thepixelcurve.com/html/techmax/techmax/assets/images/testimonial/testimonial-4.jpg]
[thepixelcurve.com/html/techmax/techmax/assets/images/bg/contact-bg.jpg]
[thepixelcurve.com/html/techmax/techmax/index-3.html]
[thepixelcurve.com/html/techmax/techmax/assets/images/bg/hero-4-bg.jpg]
[thepixelcurve.com/html/techmax/techmax/assets/images/hero-shape-4.png]
[thepixelcurve.com/html/techmax/techmax/assets/images/hero-4.png]
[thepixelcurve.com/html/techmax/techmax/assets/images/bg/features-4-bg.jpg]
[thepixelcurve.com/html/techmax/techmax/assets/images/features-9.png]
[thepixelcurve.com/html/techmax/techmax/assets/images/features-10.png]
[thepixelcurve.com/html/techmax/techmax/assets/images/features-11.png]
[thepixelcurve.com/html/techmax/techmax/assets/images/about-sm-5.jpg]
[thepixelcurve.com/html/techmax/techmax/assets/images/sign-2.png]
[thepixelcurve.com/html/techmax/techmax/assets/images/bg/features-6-bg.jpg]
[thepixelcurve.com/html/techmax/techmax/assets/images/features-6.png]
[thepixelcurve.com/html/techmax/techmax/assets/images/features-7.png]
[thepixelcurve.com/html/techmax/techmax/assets/images/features-8.png]
[thepixelcurve.com/html/techmax/techmax/assets/images/testimonial/testi-5.png]
[thepixelcurve.com/html/techmax/techmax/assets/images/testimonial/quote-2.png]
[thepixelcurve.com/html/techmax/techmax/assets/images/blog/l-blog-1.jpg]
[thepixelcurve.com/html/techmax/techmax/assets/images/blog/l-blog-2.jpg]
[thepixelcurve.com/html/techmax/techmax/assets/images/blog/l-blog-3.jpg]
[thepixelcurve.com/html/techmax/techmax/assets/images/bg/subscribe-bg.jpg]
[thepixelcurve.com/html/techmax/techmax/assets/images/bg/footer-bg-3.jpg]
[thepixelcurve.com/html/techmax/techmax/index-4.html]
[thepixelcurve.com/html/techmax/techmax/assets/images/hero-5.jpg]
[thepixelcurve.com/html/techmax/techmax/assets/images/hero-5-shape.png]
[thepixelcurve.com/html/techmax/techmax/assets/images/hero-5-shape-2.png]
[thepixelcurve.com/html/techmax/techmax/assets/images/skill/skill-5.jpg]
[thepixelcurve.com/html/techmax/techmax/assets/images/skill/skill-6.jpg]
[thepixelcurve.com/html/techmax/techmax/assets/images/skill/skill-7.jpg]
[thepixelcurve.com/html/techmax/techmax/assets/images/features-img-2.jpg]
[thepixelcurve.com/html/techmax/techmax/assets/images/features-img-3.jpg]
[thepixelcurve.com/html/techmax/techmax/assets/images/bg/counter-bg-3.jpg]
[thepixelcurve.com/html/techmax/techmax/assets/images/features-5.png]
[thepixelcurve.com/html/techmax/techmax/assets/images/features-12.png]
[thepixelcurve.com/html/techmax/techmax/assets/images/bg/testi-bg-5.png]
[thepixelcurve.com/html/techmax/techmax/assets/images/bg/cta-4-bg.jpg]
[thepixelcurve.com/html/techmax/techmax/assets/images/cta-icon.png]
[thepixelcurve.com/html/techmax/techmax/assets/images/faq-1.png]
[thepixelcurve.com/html/techmax/techmax/index-5.html]
[thepixelcurve.com/html/techmax/techmax/assets/images/page-banner.jpg]
[thepixelcurve.com/html/techmax/techmax/assets/images/bg/ab-contact.jpg]
[thepixelcurve.com/html/techmax/techmax/about.html]
[thepixelcurve.com/html/techmax/techmax/assets/images/team/team-4.jpg]
[thepixelcurve.com/html/techmax/techmax/assets/images/team/team-5.jpg]
[thepixelcurve.com/html/techmax/techmax/assets/images/team/team-6.jpg]
[thepixelcurve.com/html/techmax/techmax/assets/images/team/team-7.jpg]
[thepixelcurve.com/html/techmax/techmax/assets/images/team/team-8.jpg]
[thepixelcurve.com/html/techmax/techmax/team.html]
[thepixelcurve.com/html/techmax/techmax/assets/images/skill-img-2.jpg]
[thepixelcurve.com/html/techmax/techmax/service.html]
[thepixelcurve.com/html/techmax/techmax/why-choose.html]
[thepixelcurve.com/html/techmax/techmax/testimonial.html]
[thepixelcurve.com/html/techmax/techmax/pricing.html]
[thepixelcurve.com/html/techmax/techmax/login-register.html]
[thepixelcurve.com/html/techmax/techmax/assets/images/blog/blog-4.jpg]
[thepixelcurve.com/html/techmax/techmax/assets/images/blog/blog-5.jpg]
[thepixelcurve.com/html/techmax/techmax/assets/images/blog/blog-6.jpg]
[thepixelcurve.com/html/techmax/techmax/assets/images/blog/blog-7.jpg]
[thepixelcurve.com/html/techmax/techmax/assets/images/blog/blog-8.jpg]
[thepixelcurve.com/html/techmax/techmax/assets/images/blog/blog-9.jpg]
[thepixelcurve.com/html/techmax/techmax/blog.html]
[thepixelcurve.com/html/techmax/techmax/assets/images/blog/blog-s-1.jpg]
[thepixelcurve.com/html/techmax/techmax/assets/images/blog/blog-s-2.jpg]
[thepixelcurve.com/html/techmax/techmax/assets/images/blog/blog-s-3.jpg]
[thepixelcurve.com/html/techmax/techmax/assets/images/blog/r-post-1.jpg]
[thepixelcurve.com/html/techmax/techmax/assets/images/blog/r-post-2.jpg]
[thepixelcurve.com/html/techmax/techmax/assets/images/blog/r-post-3.jpg]
[thepixelcurve.com/html/techmax/techmax/blog-standard.html]
[thepixelcurve.com/html/techmax/techmax/assets/images/blog/p-post-1.jpg]
[thepixelcurve.com/html/techmax/techmax/assets/images/blog/author-2.jpg]
[thepixelcurve.com/html/techmax/techmax/assets/images/blog/author-1.jpg]
[thepixelcurve.com/html/techmax/techmax/blog-details.html]
[thepixelcurve.com/html/techmax/techmax/contact.html]
[thepixelcurve.com/html/techmax/techmax/assets/fonts/fa-brands-400.svg]
[thepixelcurve.com/html/techmax/techmax/assets/fonts/fa-regular-400.svg]
[thepixelcurve.com/html/techmax/techmax/assets/fonts/fa-solid-900.svg]
[thepixelcurve.com/html/techmax/techmax/assets/fonts/flaticon8953.svg]
[thepixelcurve.com/html/techmax/techmax/assets/images/icons/select-arrow-down.html]
